---
source: rust/src/methods/decode/html.rs
expression: decode_fragment(&content)
input_file: fixtures/fragments/html/strong.html

---
[
  {
    "type": "Paragraph",
    "content": [
      "A ",
      {
        "type": "Strong",
        "content": [
          "strongly"
        ]
      },
      " emphasized word."
    ]
  }
]
