---
source: rust/src/methods/decode/md.rs
expression: decode_fragment(&content)
input_file: fixtures/fragments/md/list.md

---
[
  {
    "type": "List",
    "items": [
      {
        "type": "ListItem",
        "content": [
          {
            "type": "Paragraph",
            "content": [
              "apple"
            ]
          }
        ]
      },
      {
        "type": "ListItem",
        "content": [
          {
            "type": "Paragraph",
            "content": [
              "pear"
            ]
          }
        ]
      },
      {
        "type": "ListItem",
        "content": [
          {
            "type": "Paragraph",
            "content": [
              "orange"
            ]
          }
        ]
      }
    ],
    "order": "Unordered"
  },
  {
    "type": "List",
    "items": [
      {
        "type": "ListItem",
        "content": [
          {
            "type": "Paragraph",
            "content": [
              "first"
            ]
          }
        ]
      },
      {
        "type": "ListItem",
        "content": [
          {
            "type": "Paragraph",
            "content": [
              "second"
            ]
          }
        ]
      },
      {
        "type": "ListItem",
        "content": [
          {
            "type": "Paragraph",
            "content": [
              "third"
            ]
          }
        ]
      }
    ],
    "order": "Ascending"
  },
  {
    "type": "List",
    "items": [
      {
        "type": "ListItem",
        "content": [
          {
            "type": "Paragraph",
            "content": [
              "nested"
            ]
          },
          {
            "type": "List",
            "items": [
              {
                "type": "ListItem",
                "content": [
                  {
                    "type": "Paragraph",
                    "content": [
                      "2a"
                    ]
                  },
                  {
                    "type": "List",
                    "items": [
                      {
                        "type": "ListItem",
                        "content": [
                          {
                            "type": "Paragraph",
                            "content": [
                              "3a"
                            ]
                          }
                        ]
                      }
                    ],
                    "order": "Unordered"
                  }
                ]
              },
              {
                "type": "ListItem",
                "content": [
                  {
                    "type": "Paragraph",
                    "content": [
                      "2b"
                    ]
                  }
                ]
              },
              {
                "type": "ListItem",
                "content": [
                  {
                    "type": "Paragraph",
                    "content": [
                      "2c"
                    ]
                  },
                  {
                    "type": "List",
                    "items": [
                      {
                        "type": "ListItem",
                        "content": [
                          {
                            "type": "Paragraph",
                            "content": [
                              "3b"
                            ]
                          },
                          {
                            "type": "List",
                            "items": [
                              {
                                "type": "ListItem",
                                "content": [
                                  {
                                    "type": "Paragraph",
                                    "content": [
                                      "4a"
                                    ]
                                  }
                                ]
                              }
                            ],
                            "order": "Unordered"
                          }
                        ]
                      }
                    ],
                    "order": "Unordered"
                  }
                ]
              }
            ],
            "order": "Unordered"
          }
        ]
      }
    ],
    "order": "Unordered"
  },
  {
    "type": "List",
    "items": [
      {
        "type": "ListItem",
        "content": [
          {
            "type": "Paragraph",
            "content": [
              "first"
            ]
          }
        ],
        "isChecked": false
      },
      {
        "type": "ListItem",
        "content": [
          {
            "type": "Paragraph",
            "content": [
              "second"
            ]
          }
        ],
        "isChecked": true
      },
      {
        "type": "ListItem",
        "content": [
          {
            "type": "Paragraph",
            "content": [
              "third"
            ]
          }
        ],
        "isChecked": false
      }
    ],
    "order": "Ascending"
  },
  {
    "type": "List",
    "items": [
      {
        "type": "ListItem",
        "content": [
          {
            "type": "Paragraph",
            "content": [
              "done"
            ]
          }
        ],
        "isChecked": true
      },
      {
        "type": "ListItem",
        "content": [
          {
            "type": "Paragraph",
            "content": [
              "todo"
            ]
          }
        ],
        "isChecked": false
      },
      {
        "type": "ListItem",
        "content": [
          {
            "type": "Paragraph",
            "content": [
              "still todo"
            ]
          }
        ],
        "isChecked": false
      }
    ],
    "order": "Unordered"
  },
  {
    "type": "Paragraph",
    "content": [
      "A paragraph to keep the previous and following lists separate (otherwise they get merged)."
    ]
  },
  {
    "type": "List",
    "items": [
      {
        "type": "ListItem",
        "content": [
          {
            "type": "Paragraph",
            "content": [
              "an item with an image ",
              {
                "type": "ImageObject",
                "contentUrl": "image.png"
              },
              ", see!"
            ]
          }
        ]
      },
      {
        "type": "ListItem",
        "content": [
          {
            "type": "Paragraph",
            "content": [
              "an item with ",
              {
                "type": "Emphasis",
                "content": [
                  "emphasis"
                ]
              }
            ]
          }
        ]
      },
      {
        "type": "ListItem",
        "content": [
          {
            "type": "Paragraph",
            "content": [
              "an item with HTML ",
              {
                "type": "NontextualAnnotation",
                "content": [
                  "underlined"
                ]
              }
            ]
          }
        ]
      }
    ],
    "order": "Unordered"
  }
]
