---
source: rust/src/methods/decode/md.rs
expression: decode_fragment(&content)
input_file: fixtures/fragments/md/image.md

---
[
  {
    "type": "Paragraph",
    "content": [
      "An image ",
      {
        "type": "ImageObject",
        "contentUrl": "image.png"
      },
      "."
    ]
  },
  {
    "type": "Paragraph",
    "content": [
      "An image with a title ",
      {
        "type": "ImageObject",
        "contentUrl": "image.png",
        "title": "the title"
      },
      "."
    ]
  },
  {
    "type": "Paragraph",
    "content": [
      "An image with some content ",
      {
        "type": "ImageObject",
        "contentUrl": "image.png",
        "caption": "some content"
      },
      "."
    ]
  }
]
