---
source: rust/parser-ts/src/lib.rs
assertion_line: 136
expression: resource_info
input_file: fixtures/fragments/js/assigns.js

---
{
  "resource": {
    "type": "Code",
    "path": "fragments/js/assigns.js",
    "id": "",
    "kind": "SoftwareSourceCode",
    "language": "JavaScript"
  },
  "relations": [
    [
      {
        "type": "Assign",
        "range": [
          0,
          0,
          0,
          4
        ]
      },
      {
        "type": "Symbol",
        "path": "fragments/js/assigns.js",
        "name": "var1",
        "kind": "Number"
      }
    ]
  ],
  "compile_digest": "ijXqJ2GHy-rL0gSvAY3aRJM4OWaBCA6UbwzWiNamOzs.vBja-GhNGn5S813yV_DNjJKYZ2_vpSXQiPwFaZ2fpvA..0.0"
}
