---
source: rust/codec-script/src/lib.rs
assertion_line: 349
expression: script
input_file: fixtures/articles/scripts/script.js
---
// First paragraph, followed by some code

a = 1

// Second paragraph, with a code expression that uses the above code `a*2`{js exec}, followed by some
// more code, this time multiline,

b = 2

function fn1(x) {
  x * x
}

// A multiline block comment with a paragraph.
// 
// > And a quote block
// 
// And a list,
// 
// 1. One
// 2. Two
// 3. Three

c = 3

// Parameters can be included in Markdown, and will be encoded as script variables immediately after
// they are declared.
// 
// Parameter d: /d/{type=integer}

// @skip
const __param__ = (type, index, def) => (type === 'string' ? String : JSON.parse)(process.argv[2 + index] || def)

// @skip
let d = __param__('integer', 0, "");

console.log('a + b + c + d = ', a + b + c + d)

