---
source: rust/tasks/src/taskfile.rs
assertion_line: 1975
expression: yaml
input_file: fixtures/taskfiles/schedules.yaml
---
version: "3"

tasks:
  default:
    schedule: Every 15 seconds
    cmds:
      - "echo \"It is $(date)\""

  cron-expressions:
    schedule:
      - "* 03,13 * * * *"
      - "* 33 * * * *"
    cmds:
      - "echo \"It is $(date)\""

  cron-phrase-with-timezone:
    schedule: 9am Monday to Friday Auckland time
    cmds:
      - "echo \"It is $(date)\""

  multiple-timezones:
    schedule:
      - 9am Mon-Fri ET
      - when: "10:15am Tue,Wed"
        tz: UTC
    cmds:
      - "echo \"It is $(date)\""

