---
source: rust/tasks/src/taskfile.rs
assertion_line: 2007
expression: yaml
input_file: fixtures/taskfiles/dependencies.yaml
---
version: '3'

tasks:
  default:
    deps:
    - a
    - b
    - task: c
      vars:
        VAR: Var for c

  a:
    deps:
    - b
    cmds:
    - echo 'This is task {{.TASK}}'

  b: echo 'This is task {{.TASK}}'

  c: echo 'This is task c {{.VAR}}'

