---
source: rust/parser-js/src/lib.rs
assertion_line: 284
expression: resource_info
input_file: fixtures/fragments/js/uses.js

---
{
  "resource": {
    "type": "Code",
    "path": "fragments/js/uses.js",
    "id": "",
    "kind": "SoftwareSourceCode",
    "language": "JavaScript"
  },
  "relations": [
    [
      {
        "type": "Use",
        "range": [
          0,
          0,
          0,
          4
        ]
      },
      {
        "type": "Symbol",
        "path": "fragments/js/uses.js",
        "name": "var1",
        "kind": ""
      }
    ],
    [
      {
        "type": "Use",
        "range": [
          1,
          0,
          1,
          4
        ]
      },
      {
        "type": "Symbol",
        "path": "fragments/js/uses.js",
        "name": "var2",
        "kind": ""
      }
    ],
    [
      {
        "type": "Use",
        "range": [
          1,
          7,
          1,
          11
        ]
      },
      {
        "type": "Symbol",
        "path": "fragments/js/uses.js",
        "name": "var3",
        "kind": ""
      }
    ],
    [
      {
        "type": "Use",
        "range": [
          2,
          0,
          2,
          4
        ]
      },
      {
        "type": "Symbol",
        "path": "fragments/js/uses.js",
        "name": "fun1",
        "kind": ""
      }
    ],
    [
      {
        "type": "Use",
        "range": [
          3,
          0,
          3,
          4
        ]
      },
      {
        "type": "Symbol",
        "path": "fragments/js/uses.js",
        "name": "fun2",
        "kind": ""
      }
    ],
    [
      {
        "type": "Use",
        "range": [
          3,
          5,
          3,
          9
        ]
      },
      {
        "type": "Symbol",
        "path": "fragments/js/uses.js",
        "name": "var4",
        "kind": ""
      }
    ],
    [
      {
        "type": "Use",
        "range": [
          3,
          11,
          3,
          15
        ]
      },
      {
        "type": "Symbol",
        "path": "fragments/js/uses.js",
        "name": "var5",
        "kind": ""
      }
    ],
    [
      {
        "type": "Use",
        "range": [
          4,
          0,
          4,
          4
        ]
      },
      {
        "type": "Symbol",
        "path": "fragments/js/uses.js",
        "name": "var6",
        "kind": ""
      }
    ],
    [
      {
        "type": "Use",
        "range": [
          4,
          5,
          4,
          9
        ]
      },
      {
        "type": "Symbol",
        "path": "fragments/js/uses.js",
        "name": "var7",
        "kind": ""
      }
    ],
    [
      {
        "type": "Use",
        "range": [
          6,
          4,
          6,
          8
        ]
      },
      {
        "type": "Symbol",
        "path": "fragments/js/uses.js",
        "name": "var8",
        "kind": ""
      }
    ],
    [
      {
        "type": "Use",
        "range": [
          6,
          11,
          6,
          15
        ]
      },
      {
        "type": "Symbol",
        "path": "fragments/js/uses.js",
        "name": "var9",
        "kind": ""
      }
    ],
    [
      {
        "type": "Use",
        "range": [
          7,
          13,
          7,
          18
        ]
      },
      {
        "type": "Symbol",
        "path": "fragments/js/uses.js",
        "name": "var10",
        "kind": ""
      }
    ],
    [
      {
        "type": "Use",
        "range": [
          12,
          19,
          12,
          23
        ]
      },
      {
        "type": "Module",
        "language": "javascript",
        "name": "fs"
      }
    ],
    [
      {
        "type": "Use",
        "range": [
          13,
          21,
          13,
          25
        ]
      },
      {
        "type": "Module",
        "language": "javascript",
        "name": "fs"
      }
    ],
    [
      {
        "type": "Use",
        "range": [
          17,
          15,
          17,
          20
        ]
      },
      {
        "type": "Symbol",
        "path": "fragments/js/uses.js",
        "name": "var11",
        "kind": ""
      }
    ],
    [
      {
        "type": "Use",
        "range": [
          18,
          4,
          18,
          9
        ]
      },
      {
        "type": "Symbol",
        "path": "fragments/js/uses.js",
        "name": "var12",
        "kind": ""
      }
    ],
    [
      {
        "type": "Use",
        "range": [
          21,
          26,
          21,
          31
        ]
      },
      {
        "type": "Symbol",
        "path": "fragments/js/uses.js",
        "name": "var13",
        "kind": ""
      }
    ],
    [
      {
        "type": "Use",
        "range": [
          27,
          0,
          27,
          5
        ]
      },
      {
        "type": "Symbol",
        "path": "fragments/js/uses.js",
        "name": "var14",
        "kind": ""
      }
    ],
    [
      {
        "type": "Use",
        "range": [
          28,
          0,
          28,
          5
        ]
      },
      {
        "type": "Symbol",
        "path": "fragments/js/uses.js",
        "name": "var14",
        "kind": ""
      }
    ],
    [
      {
        "type": "Use",
        "range": [
          29,
          0,
          29,
          5
        ]
      },
      {
        "type": "Symbol",
        "path": "fragments/js/uses.js",
        "name": "var14",
        "kind": ""
      }
    ],
    [
      {
        "type": "Use",
        "range": [
          29,
          13,
          29,
          18
        ]
      },
      {
        "type": "Symbol",
        "path": "fragments/js/uses.js",
        "name": "var15",
        "kind": ""
      }
    ],
    [
      {
        "type": "Assign",
        "range": [
          34,
          9,
          34,
          14
        ]
      },
      {
        "type": "Symbol",
        "path": "fragments/js/uses.js",
        "name": "func1",
        "kind": "Function"
      }
    ],
    [
      {
        "type": "Assign",
        "range": [
          38,
          6,
          38,
          11
        ]
      },
      {
        "type": "Symbol",
        "path": "fragments/js/uses.js",
        "name": "func2",
        "kind": "Function"
      }
    ],
    [
      {
        "type": "Assign",
        "range": [
          42,
          0,
          42,
          6
        ]
      },
      {
        "type": "Symbol",
        "path": "fragments/js/uses.js",
        "name": "assign",
        "kind": "Number"
      }
    ],
    [
      {
        "type": "Assign",
        "range": [
          43,
          4,
          43,
          10
        ]
      },
      {
        "type": "Symbol",
        "path": "fragments/js/uses.js",
        "name": "assign",
        "kind": "Number"
      }
    ],
    [
      {
        "type": "Assign",
        "range": [
          44,
          4,
          44,
          10
        ]
      },
      {
        "type": "Symbol",
        "path": "fragments/js/uses.js",
        "name": "assign",
        "kind": "Number"
      }
    ],
    [
      {
        "type": "Assign",
        "range": [
          45,
          6,
          45,
          12
        ]
      },
      {
        "type": "Symbol",
        "path": "fragments/js/uses.js",
        "name": "assign",
        "kind": "Number"
      }
    ]
  ],
  "autorun": "Needed",
  "compile_digest": "G6WG8Hz_jBsK94XcrK0hNXQLkTHkPP0F0cbBLL4iMfA.bIguRn2OwB43TaEj9RIM9CTEiCdK3tIjmaLLDAHUZ9o..0"
}
