---
source: rust/src/methods/encode/html/mod.rs
expression: encoded
input_file: fixtures/fragments/html/emphasis.html

---
<article slot="root" itemtype="https://schema.org/Article" itemscope>
  <div slot="content">
    <p itemtype="https://stenci.la/Paragraph" itemscope>Some<em itemtype="https://stenci.la/Emphasis" itemscope>emphasized</em>text.</p>
  </div>
</article>
