---
source: rust/codec-html/src/encode.rs
expression: encoded
input_file: fixtures/fragments/html/code-fragment.html

---
<article data-itemscope="root" itemtype="http://schema.org/Article" itemscope>
  <div data-itemprop="content">
    <p itemtype="http://schema.stenci.la/Paragraph" itemscope>
      <span>Some</span>
      <code itemtype="http://schema.stenci.la/CodeFragment" itemscope>code</code>
      <span>in a paragraph.</span>
    </p>
    <p itemtype="http://schema.stenci.la/Paragraph" itemscope>
      <span>With a language</span>
      <code itemtype="http://schema.stenci.la/CodeFragment" itemscope class="language-python">
        <meta itemprop="programmingLanguage" content="python"/>1 + 1</code>
      <span>specified.</span>
    </p>
  </div>
</article>
