---
source: rust/codec-html/src/encode.rs
assertion_line: 481
expression: html
input_file: fixtures/nodes/include.json
---
<article data-root itemtype="https://schema.org/Article" itemscope>
  <stencila-document-toolbar>
  </stencila-document-toolbar>
  <div data-prop="content">
    <stencila-include itemtype="https://schema.stenci.la/Include" itemscope source="heading.json">
      <meta itemprop="source" content="heading.json"/>
      <stencila-code-dependencies slot="code-dependencies">
        <div data-prop="codeDependencies">
        </div>
      </stencila-code-dependencies>
      <div data-prop="errors" slot="errors">
      </div>
      <div data-prop="content" slot="content">
      </div>
    </stencila-include>
  </div>
</article>
