---
source: rust/codec-html/src/encode.rs
assertion_line: 442
expression: encoded
input_file: fixtures/fragments/html/delete.html

---
<article data-itemscope="root" itemtype="http://schema.org/Article" itemscope>
  <stencila-document-toolbar>
  </stencila-document-toolbar>
  <div data-itemprop="content">
    <p itemtype="http://schema.stenci.la/Paragraph" itemscope>
      <span>Some</span>
      <del itemtype="http://schema.stenci.la/Delete" itemscope>
        <span>deleted</span>
      </del>
      <span>text.</span>
    </p>
  </div>
</article>
