---
source: rust/documents/src/tests.rs
assertion_line: 82
expression: "&graph"
---
{
  "nodes": [
    {
      "type": "Code",
      "path": "articles/code.md",
      "id": "cc-1",
      "kind": "CodeChunk",
      "language": "r",
      "dependencies": 0,
      "depth": 0,
      "compile_digest": "15204122772155796248.11300830894147400802.0.0.0",
      "index": 0
    },
    {
      "type": "Code",
      "path": "articles/code.md",
      "id": "ce-5",
      "kind": "CodeExpression",
      "language": "python",
      "dependencies": 0,
      "depth": 0,
      "compile_digest": "17072206937161055418.3130444595839626671.0.0.0",
      "index": 1
    },
    {
      "type": "Code",
      "path": "articles/code.md",
      "id": "ce-4",
      "kind": "CodeExpression",
      "language": "python",
      "dependencies": 0,
      "depth": 0,
      "compile_digest": "1609925644024088361.15766924228632792825.0.0.0",
      "index": 2
    },
    {
      "type": "Code",
      "path": "articles/code.md",
      "id": "ce-3",
      "kind": "CodeExpression",
      "language": "python",
      "dependencies": 0,
      "depth": 0,
      "compile_digest": "6453152692411696678.6096491578995229440.0.0.0",
      "index": 3
    },
    {
      "type": "Code",
      "path": "articles/code.md",
      "id": "ce-2",
      "kind": "CodeExpression",
      "language": "python",
      "dependencies": 0,
      "depth": 0,
      "compile_digest": "12904300673988594286.6811386310936119001.0.0.0",
      "index": 4
    },
    {
      "type": "Code",
      "path": "articles/code.md",
      "id": "ce-1",
      "kind": "CodeExpression",
      "language": "r",
      "dependencies": 0,
      "depth": 0,
      "compile_digest": "16022657009924536748.5281476481088129800.0.0.0",
      "index": 5
    }
  ],
  "edges": []
}
