---
source: rust/node-execute/src/lib.rs
expression: "&patches"

---
[]
