---
source: rust/parser-style/src/lib.rs
assertion_line: 249
expression: "transpile_tailwind(r\"sm:text-md md:text(lg) lg:(text(xl)) xl:(text-5xl)\")?.join(\"\\n\\n\")"
---
:root {
  font-size: 3rem;
  line-height: 100%;
}
