---
source: rust/parser-r/src/lib.rs
assertion_line: 210
expression: resource_info
input_file: fixtures/fragments/r/tags.R
---
{
  "resource": {
    "type": "Code",
    "path": "fragments/r/tags.R",
    "id": "",
    "kind": "SoftwareSourceCode",
    "language": "R"
  },
  "relations": [
    [
      {
        "type": "Uses",
        "range": [
          0,
          0,
          0,
          29
        ]
      },
      {
        "type": "Module",
        "language": "R",
        "name": "pkg1"
      }
    ],
    [
      {
        "type": "Uses",
        "range": [
          0,
          0,
          0,
          29
        ]
      },
      {
        "type": "Module",
        "language": "R",
        "name": "pkg2"
      }
    ],
    [
      {
        "type": "Uses",
        "range": [
          0,
          0,
          0,
          29
        ]
      },
      {
        "type": "Module",
        "language": "R",
        "name": "pk3"
      }
    ],
    [
      {
        "type": "Uses",
        "range": [
          0,
          0,
          0,
          29
        ]
      },
      {
        "type": "Module",
        "language": "R",
        "name": "pkg4"
      }
    ],
    [
      {
        "type": "Assigns",
        "range": [
          1,
          0,
          1,
          19
        ]
      },
      {
        "type": "Symbol",
        "path": "fragments/r/tags.R",
        "name": "var1",
        "kind": ""
      }
    ],
    [
      {
        "type": "Uses",
        "range": [
          2,
          0,
          2,
          12
        ]
      },
      {
        "type": "Symbol",
        "path": "fragments/r/tags.R",
        "name": "var1",
        "kind": ""
      }
    ],
    [
      {
        "type": "Reads",
        "range": [
          3,
          0,
          3,
          21
        ]
      },
      {
        "type": "File",
        "path": "file1"
      }
    ],
    [
      {
        "type": "Reads",
        "range": [
          3,
          0,
          3,
          21
        ]
      },
      {
        "type": "File",
        "path": "file2"
      }
    ],
    [
      {
        "type": "Writes",
        "range": [
          4,
          0,
          4,
          20
        ]
      },
      {
        "type": "File",
        "path": "file3"
      }
    ]
  ],
  "compile_digest": "4557790585025765973.10635638521262003934.0.0.0",
  "tags": [
    {
      "name": "imports",
      "value": "pkg1, pkg2 pk3,pkg4",
      "global": false
    },
    {
      "name": "assigns",
      "value": "var1 only",
      "global": false
    },
    {
      "name": "uses",
      "value": "var1",
      "global": false
    },
    {
      "name": "reads",
      "value": "file1, file2",
      "global": false
    },
    {
      "name": "writes",
      "value": "file3 only",
      "global": false
    }
  ]
}
